src/agents/PlannerAgent.ts(65,9): error TS2322: Type 'string' is not assignable to type 'number'.
src/agents/WorkerAgent.ts(28,23): error TS2339: Property 'REPLY_COMMENT' does not exist on type 'typeof TaskType'.
src/agents/WorkerAgent.ts(29,53): error TS2339: Property 'context' does not exist on type 'Task'.
src/agents/WorkerAgent.ts(32,23): error TS2339: Property 'GENERATE_CONTENT' does not exist on type 'typeof TaskType'.
src/agents/WorkerAgent.ts(33,52): error TS2339: Property 'context' does not exist on type 'Task'.
src/agents/WorkerAgent.ts(36,23): error TS2339: Property 'EXECUTE_TRANSACTION' does not exist on type 'typeof TaskType'.
src/agents/WorkerAgent.ts(37,51): error TS2339: Property 'context' does not exist on type 'Task'.
src/agents/WorkerAgent.ts(44,28): error TS2339: Property 'COMPLETE' does not exist on type 'typeof TaskStatus'.
src/orchestrator/api.ts(7,10): error TS2305: Module '"../common/types"' has no exported member 'GoalStatus'.
src/orchestrator/judge.ts(1,10): error TS2305: Module '"../common/types"' has no exported member 'AgentTask'.
src/orchestrator/judge.ts(59,33): error TS2339: Property 'ERROR' does not exist on type 'typeof TaskStatus'.
src/orchestrator/judge.ts(63,33): error TS2339: Property 'ERROR' does not exist on type 'typeof TaskStatus'.
src/orchestrator/planner.ts(1,10): error TS2305: Module '"../common/types"' has no exported member 'SwarmGoal'.
src/orchestrator/planner.ts(1,21): error TS2305: Module '"../common/types"' has no exported member 'GoalStatus'.
src/orchestrator/planner.ts(1,33): error TS2305: Module '"../common/types"' has no exported member 'AgentTask'.
src/orchestrator/planner.ts(19,28): error TS2339: Property 'QUEUED' does not exist on type 'typeof TaskStatus'.
src/orchestrator/planner.ts(27,28): error TS2339: Property 'QUEUED' does not exist on type 'typeof TaskStatus'.
src/skills/coinbase_mcp.ts(15,9): error TS2353: Object literal may only specify known properties, and 'apiKeyName' does not exist in type 'AgentKitOptions'.
src/skills/coinbase_mcp.ts(29,22): error TS2339: Property 'wallet' does not exist on type 'AgentKit'.
src/skills/coinbase_mcp.ts(36,28): error TS2339: Property 'wallet' does not exist on type 'AgentKit'.
tests/integration/swarm_loop.test.ts(1,21): error TS2307: Cannot find module 'supertest' or its corresponding type declarations.
tests/unit/skills_interface.test.ts(19,44): error TS2554: Expected 0 arguments, but got 1.
